INFO  Using log config file: jar:file:/C:/Users/leanerdesigner/Documents/SteamPortableTools/toolchains/ghidra_12.0.4_PUBLIC/Ghidra/Framework/Generic/lib/Generic.jar!/generic.log4j.xml (LoggingInitialization)  
INFO  Using log file: C:\Users\leanerdesigner\AppData\Roaming\ghidra\ghidra_12.0.4_PUBLIC\application.log (LoggingInitialization)  
INFO  Loading user preferences: C:\Users\leanerdesigner\AppData\Roaming\ghidra\ghidra_12.0.4_PUBLIC\preferences (Preferences)  
INFO  Searching for classes... (ClassSearcher)  
INFO  Class search complete (906 ms) (ClassSearcher)  
INFO  Initializing SSL Context (DefaultSSLContextInitializer)  
INFO  Initializing Random Number Generator... (SecureRandomFactory)  
INFO  Random Number Generator initialization complete: SHA1PRNG (SecureRandomFactory)  
INFO  Trust manager disabled, cacerts have not been set (DefaultTrustManagerFactory)  
INFO  Headless startup complete (3805 ms) (AnalyzeHeadless)  
INFO  Class searcher loaded 58 extension points (18 false positives) (ClassSearcher)  
INFO  HEADLESS Script Paths:
    C:\Users\leanerdesigner\Documents\SteamPortableTools\toolchains\ghidra_12.0.4_PUBLIC\Ghidra\Features\Jython\ghidra_scripts
    C:\Users\leanerdesigner\Documents\SteamPortableTools\toolchains\ghidra_12.0.4_PUBLIC\Ghidra\Features\BytePatterns\ghidra_scripts
    C:\Users\leanerdesigner\Documents\SteamPortableTools\toolchains\ghidra_12.0.4_PUBLIC\Ghidra\Processors\8051\ghidra_scripts
    C:\Users\leanerdesigner\Documents\SteamPortableTools\toolchains\ghidra_12.0.4_PUBLIC\Ghidra\Debug\Debugger-rmi-trace\ghidra_scripts
    C:\Users\leanerdesigner\Documents\SteamPortableTools\toolchains\ghidra_12.0.4_PUBLIC\Ghidra\Processors\DATA\ghidra_scripts
    C:\Users\leanerdesigner\Documents\SteamPortableTools\toolchains\ghidra_12.0.4_PUBLIC\Ghidra\Processors\PIC\ghidra_scripts
    C:\Users\leanerdesigner\Documents\SteamPortableTools\toolchains\ghidra_12.0.4_PUBLIC\Ghidra\Features\SwiftDemangler\ghidra_scripts
    C:\Users\leanerdesigner\Documents\SteamPortableTools\toolchains\ghidra_12.0.4_PUBLIC\Ghidra\Features\FunctionID\ghidra_scripts
    C:\Users\leanerdesigner\Documents\SteamPortableTools\toolchains\ghidra_12.0.4_PUBLIC\Ghidra\Features\VersionTracking\ghidra_scripts
    C:\Users\leanerdesigner\Documents\SteamPortableTools\toolchains\ghidra_12.0.4_PUBLIC\Ghidra\Features\MicrosoftCodeAnalyzer\ghidra_scripts
    C:\Users\leanerdesigner\Documents\SteamPortableTools\toolchains\ghidra_12.0.4_PUBLIC\Ghidra\Features\PyGhidra\ghidra_scripts
    C:\Users\leanerdesigner\Documents\SteamPortableTools\toolchains\ghidra_12.0.4_PUBLIC\Ghidra\Features\WildcardAssembler\ghidra_scripts
    C:\Users\leanerdesigner\Documents\SteamPortableTools\toolchains\ghidra_12.0.4_PUBLIC\Ghidra\Features\PDB\ghidra_scripts
    C:\Users\leanerdesigner\Documents\SteamPortableTools\toolchains\ghidra_12.0.4_PUBLIC\Ghidra\Processors\JVM\ghidra_scripts
    C:\Users\leanerdesigner\Documents\SteamPortableTools\toolchains\ghidra_12.0.4_PUBLIC\Ghidra\Extensions\XEXLoaderWV\ghidra_scripts
    C:\Users\leanerdesigner\Documents\ps3-thor\rpcsx-ui-android\tools\ghidra_scripts
    C:\Users\leanerdesigner\Documents\SteamPortableTools\toolchains\ghidra_12.0.4_PUBLIC\Ghidra\Debug\Debugger\ghidra_scripts
    C:\Users\leanerdesigner\Documents\SteamPortableTools\toolchains\ghidra_12.0.4_PUBLIC\Ghidra\Features\BSim\ghidra_scripts
    C:\Users\leanerdesigner\Documents\SteamPortableTools\toolchains\ghidra_12.0.4_PUBLIC\Ghidra\Features\SystemEmulation\ghidra_scripts
    C:\Users\leanerdesigner\Documents\SteamPortableTools\toolchains\ghidra_12.0.4_PUBLIC\Ghidra\Features\Base\ghidra_scripts
    C:\Users\leanerdesigner\Documents\SteamPortableTools\toolchains\ghidra_12.0.4_PUBLIC\Ghidra\Extensions\ghidra-emotionengine-reloaded\ghidra_scripts
    C:\Users\leanerdesigner\Documents\SteamPortableTools\toolchains\ghidra_12.0.4_PUBLIC\Ghidra\Features\FileFormats\ghidra_scripts
    C:\Users\leanerdesigner\Documents\SteamPortableTools\toolchains\ghidra_12.0.4_PUBLIC\Ghidra\Features\Decompiler\ghidra_scripts
    C:\Users\leanerdesigner\Documents\SteamPortableTools\toolchains\ghidra_12.0.4_PUBLIC\Ghidra\Features\DecompilerDependent\ghidra_scripts
    C:\Users\leanerdesigner\Documents\SteamPortableTools\toolchains\ghidra_12.0.4_PUBLIC\Ghidra\Extensions\VitaLoaderRedux\ghidra_scripts
    C:\Users\leanerdesigner\Documents\SteamPortableTools\toolchains\ghidra_12.0.4_PUBLIC\Ghidra\Features\GnuDemangler\ghidra_scripts
    C:\Users\leanerdesigner\Documents\SteamPortableTools\toolchains\ghidra_12.0.4_PUBLIC\Ghidra\Processors\Atmel\ghidra_scripts (HeadlessAnalyzer)  
INFO  HEADLESS: execution starts (HeadlessAnalyzer)  
INFO  Creating temporary project: C:\Users\leanerdesigner\Documents\ps3-thor\rpcsx-ui-android\_research\spurs\real_pm_exit\spu_window (HeadlessAnalyzer)  
INFO  Creating project: C:\Users\leanerdesigner\Documents\ps3-thor\rpcsx-ui-android\_research\spurs\real_pm_exit\spu_window (DefaultProject)  
INFO  REPORT: Processing input files:  (HeadlessAnalyzer)  
INFO       project: C:\Users\leanerdesigner\Documents\ps3-thor\rpcsx-ui-android\_research\spurs\real_pm_exit\spu_window (HeadlessAnalyzer)  
INFO  IMPORTING: file:///C:/Users/leanerdesigner/Documents/ps3-thor/rpcsx-ui-android/_research/spurs/real_pm_exit/spu-hot-window-image.bin (HeadlessAnalyzer)  
